// Jest Snapshot v1, https://goo.gl/fbAQLP

exports[`trae -> delete makes a DELETE request to baseURL + path 1`] = `
Object {
  "config": Object {
    "headers": Object {},
    "method": "DELETE",
    "url": "http://localhost:8080/api/foo",
  },
  "data": "Deleted!",
  "headers": Headers {
    "_headers": Object {
      "content-type": Array [
        "application/text",
      ],
    },
  },
  "status": 200,
  "statusText": "OK",
}
`;
