// Jest Snapshot v1, https://goo.gl/fbAQLP

exports[`trae -> head makes a HEAD request to baseURL + path 1`] = `
Object {
  "config": Object {
    "headers": Object {},
    "method": "HEAD",
    "url": "http://localhost:8080/api/foo",
  },
  "data": "",
  "headers": Headers {
    Symbol(map): Object {},
  },
  "status": 200,
  "statusText": "OK",
}
`;
