// Jest Snapshot v1, https://goo.gl/fbAQLP

exports[`trae -> patch makes a PATCH request to baseURL + path 1`] = `
Object {
  "Content-Type": "application/json",
}
`;

exports[`trae -> patch makes a PATCH request to baseURL + path 2`] = `
Object {
  "data": Object {
    "foo": "bar",
  },
  "headers": Headers {
    "_headers": Object {
      "content-type": Array [
        "application/json",
      ],
    },
  },
  "status": 200,
  "statusText": "OK",
}
`;
