// Jest Snapshot v1, https://goo.gl/fbAQLP

exports[`trae -> post makes a POST request to baseURL + path 1`] = `
Object {
  "Content-Type": "application/json",
}
`;

exports[`trae -> post makes a POST request to baseURL + path 2`] = `
Object {
  "data": Object {
    "foo": "bar",
  },
  "headers": Headers {
    "_headers": Object {
      "content-type": Array [
        "application/json",
      ],
    },
  },
  "status": 200,
  "statusText": "OK",
}
`;

exports[`trae -> post post -> params makes a POST request to baseURL + path using a nested object as params 1`] = `
Object {
  "data": Object {
    "foo": "bar",
  },
  "headers": Headers {
    "_headers": Object {
      "content-type": Array [
        "application/json",
      ],
    },
  },
  "status": 200,
  "statusText": "OK",
}
`;

exports[`trae -> post post -> params makes a POST request to baseURL + path using params 1`] = `
Object {
  "data": Object {
    "foo": "bar",
  },
  "headers": Headers {
    "_headers": Object {
      "content-type": Array [
        "application/json",
      ],
    },
  },
  "status": 200,
  "statusText": "OK",
}
`;
