// Jest Snapshot v1, https://goo.gl/fbAQLP

exports[`trae -> request makes a DELETE request to baseURL + path using the request method 1`] = `
Object {
  "data": Object {
    "foo": "bar",
  },
  "headers": Headers {
    "_headers": Object {
      "content-type": Array [
        "application/json",
      ],
    },
  },
  "status": 200,
  "statusText": "OK",
}
`;

exports[`trae -> request makes a GET request to baseURL + path using the request method 1`] = `
Object {
  "data": Object {
    "foo": "bar",
  },
  "headers": Headers {
    "_headers": Object {
      "content-type": Array [
        "application/json",
      ],
    },
  },
  "status": 200,
  "statusText": "OK",
}
`;

exports[`trae -> request makes a HEAD request to baseURL + path using the request method 1`] = `
Object {
  "data": Object {
    "foo": "bar",
  },
  "headers": Headers {
    "_headers": Object {
      "content-type": Array [
        "application/json",
      ],
    },
  },
  "status": 200,
  "statusText": "OK",
}
`;

exports[`trae -> request makes a PATCH request to baseURL + path using the request method 1`] = `
Object {
  "data": Object {
    "foo": "bar",
  },
  "headers": Headers {
    "_headers": Object {
      "content-type": Array [
        "application/json",
      ],
    },
  },
  "status": 200,
  "statusText": "OK",
}
`;

exports[`trae -> request makes a POST request to baseURL + path using the request method 1`] = `
Object {
  "data": Object {
    "foo": "bar",
  },
  "headers": Headers {
    "_headers": Object {
      "content-type": Array [
        "application/json",
      ],
    },
  },
  "status": 200,
  "statusText": "OK",
}
`;

exports[`trae -> request makes a PUT request to baseURL + path using the request method 1`] = `
Object {
  "data": Object {
    "foo": "bar",
  },
  "headers": Headers {
    "_headers": Object {
      "content-type": Array [
        "application/json",
      ],
    },
  },
  "status": 200,
  "statusText": "OK",
}
`;
